Renderer info: Apple M1 version 2.1 Metal - 90.5 from Apple
Depth buffer bits: 32
Multisampling enabled
Adding file system path "/Applications/TrenchBroom.app/Contents/Resources/defaults/assets"
Adding file system path "/Users/nre/Documents/GitHub/GAME/sacred-fruit/"
Loading document from /Users/nre/Documents/GitHub/GAME/sacred-fruit/tb/birthday.map
Found 0 shaders
Adding file system path "/Applications/TrenchBroom.app/Contents/Resources/defaults/assets"
Adding file system path "/Users/nre/Documents/GitHub/GAME/sacred-fruit/"
Adding file system path "/Users/nre/Documents/GitHub/GAME/sacred-fruit/tb"
Loaded entity definition file Sacred Fruit.fgd
Found 0 shaders
Loaded "/Users/nre/Documents/GitHub/GAME/sacred-fruit/tb/birthday.map" in 45ms
Renderer info: Apple M1 version 2.1 Metal - 90.5 from Apple
Depth buffer bits: 32
Multisampling enabled
Adding file system path "/Applications/TrenchBroom.app/Contents/Resources/defaults/assets"
Adding file system path "/Users/nre/Documents/GitHub/GAME/sacred-fruit/"
Loading document from /Users/nre/Documents/GitHub/GAME/sacred-fruit/tb/home.map
Found 0 shaders
Adding file system path "/Applications/TrenchBroom.app/Contents/Resources/defaults/assets"
Adding file system path "/Users/nre/Documents/GitHub/GAME/sacred-fruit/"
Adding file system path "/Users/nre/Documents/GitHub/GAME/sacred-fruit/tb"
Adding file system path "/Users/nre/Documents/GitHub/GAME/sacred-fruit/scenes"
Adding file system path "/Users/nre/Documents/GitHub/GAME/sacred-fruit/scripts"
Adding file system path "/Users/nre/Documents/GitHub/GAME/sacred-fruit/addons"
Adding file system path "/Users/nre/Documents/GitHub/GAME/sacred-fruit/.godot"
Loaded entity definition file Sacred Fruit.fgd
Found 0 shaders
Loaded "/Users/nre/Documents/GitHub/GAME/sacred-fruit/tb/home.map" in 69ms
Renderer info: Apple M1 version 2.1 Metal - 90.5 from Apple
Depth buffer bits: 32
Multisampling enabled
Adding file system path "/Applications/TrenchBroom.app/Contents/Resources/defaults/assets"
Adding file system path "/Users/nre/Documents/GitHub/GAME/sacred-fruit/"
Loading document from /Users/nre/Documents/GitHub/GAME/sacred-fruit/tb/birthday.map
Found 0 shaders
Adding file system path "/Applications/TrenchBroom.app/Contents/Resources/defaults/assets"
Adding file system path "/Users/nre/Documents/GitHub/GAME/sacred-fruit/"
Adding file system path "/Users/nre/Documents/GitHub/GAME/sacred-fruit/tb"
Loaded entity definition file Sacred Fruit.fgd
Found 0 shaders
Loaded "/Users/nre/Documents/GitHub/GAME/sacred-fruit/tb/birthday.map" in 47ms
Renderer info: Apple M1 version 2.1 Metal - 90.5 from Apple
Depth buffer bits: 32
Multisampling enabled
Adding file system path "/Applications/TrenchBroom.app/Contents/Resources/defaults/assets"
Adding file system path "/Users/nre/Documents/GitHub/GAME/sacred-fruit/"
Creating new document
Found 0 shaders
Loaded entity definition file Sacred Fruit.fgd
Found 0 shaders
Adding file system path "/Applications/TrenchBroom.app/Contents/Resources/defaults/assets"
Adding file system path "/Users/nre/Documents/GitHub/GAME/sacred-fruit/"
Adding file system path "/Users/nre/Documents/GitHub/GAME/sacred-fruit/.godot"
Adding file system path "/Applications/TrenchBroom.app/Contents/Resources/defaults/assets"
Adding file system path "/Users/nre/Documents/GitHub/GAME/sacred-fruit/"
Adding file system path "/Users/nre/Documents/GitHub/GAME/sacred-fruit/.godot"
Adding file system path "/Users/nre/Documents/GitHub/GAME/sacred-fruit/entities"
Adding file system path "/Users/nre/Documents/GitHub/GAME/sacred-fruit/maps"
Adding file system path "/Users/nre/Documents/GitHub/GAME/sacred-fruit/scenes"
Adding file system path "/Users/nre/Documents/GitHub/GAME/sacred-fruit/scripts"
Adding file system path "/Users/nre/Documents/GitHub/GAME/sacred-fruit/tb"
Adding file system path "/Applications/TrenchBroom.app/Contents/Resources/defaults/assets"
Adding file system path "/Users/nre/Documents/GitHub/GAME/sacred-fruit/"
Adding file system path "/Users/nre/Documents/GitHub/GAME/sacred-fruit/.godot"
Adding file system path "/Users/nre/Documents/GitHub/GAME/sacred-fruit/entities"
Adding file system path "/Users/nre/Documents/GitHub/GAME/sacred-fruit/maps"
Adding file system path "/Users/nre/Documents/GitHub/GAME/sacred-fruit/scenes"
Adding file system path "/Users/nre/Documents/GitHub/GAME/sacred-fruit/scripts"
Adding file system path "/Users/nre/Documents/GitHub/GAME/sacred-fruit/tb"
Adding file system path "/Users/nre/Documents/GitHub/GAME/sacred-fruit/addons"
Reloading material collections
Found 0 shaders
Renderer info: Apple M1 version 2.1 Metal - 90.5 from Apple
Depth buffer bits: 32
Multisampling enabled
Adding file system path "/Applications/TrenchBroom.app/Contents/Resources/defaults/assets"
Adding file system path "/Users/nre/Documents/GitHub/GAME/sacred-fruit/"
Loading document from /Users/nre/Documents/GitHub/GAME/sacred-fruit/tb/Rascasuelos.map
Found 0 shaders
Adding file system path "/Applications/TrenchBroom.app/Contents/Resources/defaults/assets"
Adding file system path "/Users/nre/Documents/GitHub/GAME/sacred-fruit/"
Adding file system path "/Users/nre/Documents/GitHub/GAME/sacred-fruit/textures"
Adding file system path "/Users/nre/Documents/GitHub/GAME/sacred-fruit/fgd"
Adding file system path "/Users/nre/Documents/GitHub/GAME/sacred-fruit/autosave"
Adding file system path "/Users/nre/Documents/GitHub/GAME/sacred-fruit/models"
Loaded entity definition file Sacred Fruit.fgd
Found 0 shaders
Loaded "/Users/nre/Documents/GitHub/GAME/sacred-fruit/tb/Rascasuelos.map" in 22ms
Adding file system path "/Applications/TrenchBroom.app/Contents/Resources/defaults/assets"
Adding file system path "/Users/nre/Documents/GitHub/GAME/sacred-fruit/"
Adding file system path "/Users/nre/Documents/GitHub/GAME/sacred-fruit/textures"
Adding file system path "/Users/nre/Documents/GitHub/GAME/sacred-fruit/fgd"
Adding file system path "/Users/nre/Documents/GitHub/GAME/sacred-fruit/autosave"
Adding file system path "/Users/nre/Documents/GitHub/GAME/sacred-fruit/models"
Adding file system path "/Users/nre/Documents/GitHub/GAME/sacred-fruit/.godot"
Adding file system path "/Users/nre/Documents/GitHub/GAME/sacred-fruit/addons"
Adding file system path "/Users/nre/Documents/GitHub/GAME/sacred-fruit/entities"
Adding file system path "/Users/nre/Documents/GitHub/GAME/sacred-fruit/maps"
Adding file system path "/Users/nre/Documents/GitHub/GAME/sacred-fruit/scenes"
Adding file system path "/Users/nre/Documents/GitHub/GAME/sacred-fruit/scripts"
Adding file system path "/Users/nre/Documents/GitHub/GAME/sacred-fruit/tb"
Reloading material collections
Found 0 shaders
Saved "/Users/nre/Documents/GitHub/GAME/sacred-fruit/tb/Rascasuelos2.map" in 23ms
Renderer info: Apple M1 version 2.1 Metal - 90.5 from Apple
Depth buffer bits: 32
Multisampling enabled
Adding file system path "/Applications/TrenchBroom.app/Contents/Resources/defaults/assets"
Adding file system path "/Users/nre/Documents/GitHub/GAME/sacred-fruit/"
Loading document from /Users/nre/Documents/GitHub/GAME/sacred-fruit/tb/birthday.map
Found 0 shaders
Adding file system path "/Applications/TrenchBroom.app/Contents/Resources/defaults/assets"
Adding file system path "/Users/nre/Documents/GitHub/GAME/sacred-fruit/"
Adding file system path "/Users/nre/Documents/GitHub/GAME/sacred-fruit/tb"
Loaded entity definition file Sacred Fruit.fgd
Found 0 shaders
Loaded "/Users/nre/Documents/GitHub/GAME/sacred-fruit/tb/birthday.map" in 35ms
Parsed successfully as Valve entities (unknown location)
Could not resize brush: Brush is empty
Created autosave backup at "/Users/nre/Documents/GitHub/GAME/sacred-fruit/tb/autosave/Rascasuelos2.1.map"
Created autosave backup at "/Users/nre/Documents/GitHub/GAME/sacred-fruit/tb/autosave/Rascasuelos2.2.map"
Parsed successfully as Valve entities (unknown location)
Could not resize brush: Brush is empty
Could not resize brush: Brush has invalid face
Created autosave backup at "/Users/nre/Documents/GitHub/GAME/sacred-fruit/tb/autosave/Rascasuelos2.3.map"
Created autosave backup at "/Users/nre/Documents/GitHub/GAME/sacred-fruit/tb/autosave/Rascasuelos2.4.map"
Could not resize brush: Brush has invalid face
Created autosave backup at "/Users/nre/Documents/GitHub/GAME/sacred-fruit/tb/autosave/Rascasuelos2.5.map"
Saved "/Users/nre/Documents/GitHub/GAME/sacred-fruit/tb/Rascasuelos2.map" in 21ms
Renderer info: Apple M1 version 2.1 Metal - 90.5 from Apple
Depth buffer bits: 32
Multisampling enabled
Adding file system path "/Applications/TrenchBroom.app/Contents/Resources/defaults/assets"
Adding file system path "/Users/nre/Documents/GitHub/GAME/sacred-fruit/"
Loading document from /Users/nre/Documents/GitHub/GAME/sacred-fruit/tb/home.map
Found 0 shaders
Adding file system path "/Applications/TrenchBroom.app/Contents/Resources/defaults/assets"
Adding file system path "/Users/nre/Documents/GitHub/GAME/sacred-fruit/"
Adding file system path "/Users/nre/Documents/GitHub/GAME/sacred-fruit/tb"
Adding file system path "/Users/nre/Documents/GitHub/GAME/sacred-fruit/scenes"
Adding file system path "/Users/nre/Documents/GitHub/GAME/sacred-fruit/scripts"
Adding file system path "/Users/nre/Documents/GitHub/GAME/sacred-fruit/addons"
Adding file system path "/Users/nre/Documents/GitHub/GAME/sacred-fruit/.godot"
Loaded entity definition file Sacred Fruit.fgd
Found 0 shaders
Loaded "/Users/nre/Documents/GitHub/GAME/sacred-fruit/tb/home.map" in 93ms
Parsed successfully as Valve entities (unknown location)
Saved "/Users/nre/Documents/GitHub/GAME/sacred-fruit/tb/home.map" in 25ms
Renderer info: Apple M1 version 2.1 Metal - 90.5 from Apple
Depth buffer bits: 32
Multisampling enabled
Adding file system path "/Applications/TrenchBroom.app/Contents/Resources/defaults/assets"
Adding file system path "/Users/nre/Documents/GitHub/GAME/sacred-fruit/"
Loading document from /Users/nre/Documents/GitHub/GAME/sacred-fruit/tb/Rascasuelos2.map
Found 0 shaders
Adding file system path "/Applications/TrenchBroom.app/Contents/Resources/defaults/assets"
Adding file system path "/Users/nre/Documents/GitHub/GAME/sacred-fruit/"
Adding file system path "/Users/nre/Documents/GitHub/GAME/sacred-fruit/textures"
Adding file system path "/Users/nre/Documents/GitHub/GAME/sacred-fruit/fgd"
Adding file system path "/Users/nre/Documents/GitHub/GAME/sacred-fruit/autosave"
Adding file system path "/Users/nre/Documents/GitHub/GAME/sacred-fruit/models"
Adding file system path "/Users/nre/Documents/GitHub/GAME/sacred-fruit/.godot"
Adding file system path "/Users/nre/Documents/GitHub/GAME/sacred-fruit/addons"
Adding file system path "/Users/nre/Documents/GitHub/GAME/sacred-fruit/entities"
Adding file system path "/Users/nre/Documents/GitHub/GAME/sacred-fruit/maps"
Adding file system path "/Users/nre/Documents/GitHub/GAME/sacred-fruit/scenes"
Adding file system path "/Users/nre/Documents/GitHub/GAME/sacred-fruit/scripts"
Adding file system path "/Users/nre/Documents/GitHub/GAME/sacred-fruit/tb"
Loaded entity definition file Sacred Fruit.fgd
Found 0 shaders
Loaded "/Users/nre/Documents/GitHub/GAME/sacred-fruit/tb/Rascasuelos2.map" in 48ms
Renderer info: Apple M1 version 2.1 Metal - 90.5 from Apple
Depth buffer bits: 32
Multisampling enabled
Adding file system path "/Applications/TrenchBroom.app/Contents/Resources/defaults/assets"
Adding file system path "/Users/nre/Documents/GitHub/GAME/sacred-fruit/"
Loading document from /Users/nre/Documents/GitHub/GAME/sacred-fruit/tb/home.map
Found 0 shaders
Adding file system path "/Applications/TrenchBroom.app/Contents/Resources/defaults/assets"
Adding file system path "/Users/nre/Documents/GitHub/GAME/sacred-fruit/"
Adding file system path "/Users/nre/Documents/GitHub/GAME/sacred-fruit/tb"
Adding file system path "/Users/nre/Documents/GitHub/GAME/sacred-fruit/scenes"
Adding file system path "/Users/nre/Documents/GitHub/GAME/sacred-fruit/scripts"
Adding file system path "/Users/nre/Documents/GitHub/GAME/sacred-fruit/addons"
Adding file system path "/Users/nre/Documents/GitHub/GAME/sacred-fruit/.godot"
Loaded entity definition file Sacred Fruit.fgd
Found 0 shaders
Loaded "/Users/nre/Documents/GitHub/GAME/sacred-fruit/tb/home.map" in 139ms
Renderer info: Apple M1 version 2.1 Metal - 90.5 from Apple
Depth buffer bits: 32
Multisampling enabled
Adding file system path "/Applications/TrenchBroom.app/Contents/Resources/defaults/assets"
Adding file system path "/Users/nre/Documents/GitHub/GAME/sacred-fruit/"
Loading document from /Users/nre/Documents/GitHub/GAME/sacred-fruit/tb/Rascasuelos2.map
Found 0 shaders
Adding file system path "/Applications/TrenchBroom.app/Contents/Resources/defaults/assets"
Adding file system path "/Users/nre/Documents/GitHub/GAME/sacred-fruit/"
Adding file system path "/Users/nre/Documents/GitHub/GAME/sacred-fruit/textures"
Adding file system path "/Users/nre/Documents/GitHub/GAME/sacred-fruit/fgd"
Adding file system path "/Users/nre/Documents/GitHub/GAME/sacred-fruit/autosave"
Adding file system path "/Users/nre/Documents/GitHub/GAME/sacred-fruit/models"
Adding file system path "/Users/nre/Documents/GitHub/GAME/sacred-fruit/.godot"
Adding file system path "/Users/nre/Documents/GitHub/GAME/sacred-fruit/addons"
Adding file system path "/Users/nre/Documents/GitHub/GAME/sacred-fruit/entities"
Adding file system path "/Users/nre/Documents/GitHub/GAME/sacred-fruit/maps"
Adding file system path "/Users/nre/Documents/GitHub/GAME/sacred-fruit/scenes"
Adding file system path "/Users/nre/Documents/GitHub/GAME/sacred-fruit/scripts"
Adding file system path "/Users/nre/Documents/GitHub/GAME/sacred-fruit/tb"
Loaded entity definition file Sacred Fruit.fgd
Found 0 shaders
Loaded "/Users/nre/Documents/GitHub/GAME/sacred-fruit/tb/Rascasuelos2.map" in 33ms
Renderer info: Apple M1 version 2.1 Metal - 90.5 from Apple
Depth buffer bits: 32
Multisampling enabled
Adding file system path "/Applications/TrenchBroom.app/Contents/Resources/defaults/assets"
Adding file system path "/Users/nre/Documents/GitHub/GAME/sacred-fruit/"
Creating new document
Found 0 shaders
Loaded entity definition file Sacred Fruit.fgd
Found 0 shaders
Parsed successfully as Valve entities (unknown location)
Could not resize brush: Brush is empty
Could not resize brush: Brush is empty
Could not resize brush: Brush is empty
Could not resize brush: Brush is empty
Could not resize brush: Brush is empty
Could not resize brush: Brush is empty
Could not resize brush: Brush is empty
